$ node --test scripts/i18n-duplicate-keys.test.mjs
TAP version 13
# Subtest: packages/core/i18n/locales/vi.json has no duplicate keys
ok 1 - packages/core/i18n/locales/vi.json has no duplicate keys
  ---
  duration_ms: 2746.002632
  ...
# Subtest: packages/core/i18n/locales/en.json has no duplicate keys
ok 2 - packages/core/i18n/locales/en.json has no duplicate keys
  ---
  duration_ms: 2735.559574
  ...
# Subtest: the scanner reports real duplicates and only those
ok 3 - the scanner reports real duplicates and only those
  ---
  duration_ms: 0.35457
  ...
1..3
# tests 3
# suites 0
# pass 3
# fail 0
# cancelled 0
# skipped 0
# todo 0
# duration_ms 5532.435363
