$ pnpm typecheck

> uniwork@ typecheck /workspace
> turbo typecheck


Attention:
Turborepo now collects completely anonymous telemetry regarding usage.
This information is used to shape the Turborepo roadmap and prioritize features.
You can learn more, including how to opt-out if you'd not like to participate in this anonymous program, by visiting the following URL:
https://turborepo.dev/docs/telemetry

• turbo 2.10.11

   • Packages in scope: @uniwork/core, @uniwork/e2e, @uniwork/eslint-config, @uniwork/office-contracts, @uniwork/office-desktop, @uniwork/office-engine, @uniwork/office-engine-app, @uniwork/office-upstream, @uniwork/tsconfig, @uniwork/ui, @uniwork/views, @uniwork/web
   • Running typecheck in 12 packages
   • Remote caching disabled

@uniwork/ui:typecheck: cache miss, executing 80cec4635d98848c
@uniwork/office-contracts:typecheck: cache miss, executing 7adcff17b28e14ca
@uniwork/office-contracts:typecheck: 
@uniwork/office-contracts:typecheck: > @uniwork/office-contracts@0.0.0 typecheck /workspace/packages/office-contracts
@uniwork/office-contracts:typecheck: > tsc --noEmit
@uniwork/office-contracts:typecheck: 
@uniwork/ui:typecheck: 
@uniwork/ui:typecheck: > @uniwork/ui@0.0.0 typecheck /workspace/packages/ui
@uniwork/ui:typecheck: > tsc --noEmit
@uniwork/ui:typecheck: 
@uniwork/office-engine:typecheck: cache miss, executing b6fbedf6ed9d3437
@uniwork/office-engine:typecheck: 
@uniwork/office-engine:typecheck: > @uniwork/office-engine@0.0.0 typecheck /workspace/packages/office-engine
@uniwork/office-engine:typecheck: > tsc --noEmit
@uniwork/office-engine:typecheck: 
@uniwork/office-engine-app:typecheck: cache miss, executing 1aa15a98524870cc
@uniwork/core:typecheck: cache miss, executing 1cae91359a75086c
@uniwork/core:typecheck: 
@uniwork/core:typecheck: > @uniwork/core@0.0.0 typecheck /workspace/packages/core
@uniwork/core:typecheck: > tsc --noEmit
@uniwork/core:typecheck: 
@uniwork/office-engine-app:typecheck: 
@uniwork/office-engine-app:typecheck: > @uniwork/office-engine-app@0.0.0 typecheck /workspace/apps/office-engine
@uniwork/office-engine-app:typecheck: > tsc --noEmit
@uniwork/office-engine-app:typecheck: 
@uniwork/views:typecheck: cache miss, executing 89047407e573378f
@uniwork/views:typecheck: 
@uniwork/views:typecheck: > @uniwork/views@0.0.0 typecheck /workspace/packages/views
@uniwork/views:typecheck: > tsc --noEmit
@uniwork/views:typecheck: 
@uniwork/office-desktop:typecheck: cache miss, executing cf1c8eda4620a9db
@uniwork/web:typecheck: cache miss, executing 2b7ef728e346e73e
@uniwork/web:typecheck: 
@uniwork/web:typecheck: > @uniwork/web@0.0.0 typecheck /workspace/apps/web
@uniwork/web:typecheck: > tsc --noEmit
@uniwork/web:typecheck: 
@uniwork/office-desktop:typecheck: 
@uniwork/office-desktop:typecheck: > @uniwork/office-desktop@0.1.0 typecheck /workspace/apps/office-desktop
@uniwork/office-desktop:typecheck: > tsc --noEmit
@uniwork/office-desktop:typecheck: 

 Tasks:    8 successful, 8 total
Cached:    0 cached, 8 total
  Time:    1m32.498s 

